%!Adobe-FontList 1.16
%Locale:0x409

%BeginFont
Handler:DirectoryHandler
FontType:Invalid
OutlineFileName:C:\Users\Mateo\Documents\GA\week5\Font\LiquidLab_-_Content (1).pdf
FileModTime:1474740095
%EndFont

%BeginFont
Handler:DirectoryHandler
FontType:Invalid
OutlineFileName:C:\Users\Mateo\Documents\GA\week5\Font\slab-serif +sans\slab-serif + sans.psd
FileModTime:1475118365
%EndFont

%BeginFont
Handler:DirectoryHandler
FontType:Invalid
OutlineFileName:C:\Users\Mateo\Documents\GA\week5\Font\slab-serif + serif\allserif.psd
FileModTime:1474741879
%EndFont

%BeginFont
Handler:DirectoryHandler
FontType:Invalid
OutlineFileName:C:\Users\Mateo\Documents\GA\week5\Font\slab-serif + serif\slab-serif + serif.psd
FileModTime:1475117477
%EndFont

%BeginFont
Handler:DirectoryHandler
FontType:Invalid
OutlineFileName:C:\Users\Mateo\Documents\GA\week5\Font\script + sans.serif\script + sans.serif.psd
FileModTime:1475119199
%EndFont

%BeginFont
Handler:DirectoryHandler
FontType:Invalid
OutlineFileName:C:\Users\Mateo\Documents\GA\week5\Font\sans + serif\sans-and-serif.psd
FileModTime:1475291693
%EndFont

%BeginFont
Handler:DirectoryHandler
FontType:Invalid
OutlineFileName:C:\Users\Mateo\Documents\GA\week5\Font\novelty + sans.serif\novelty-sans.serif.psd
FileModTime:1475119524
%EndFont

%BeginFont
Handler:DirectoryHandler
FontType:Invalid
OutlineFileName:C:\Users\Mateo\Documents\GA\week5\Font\allserif\allserif.psd
FileModTime:1474741879
%EndFont

%BeginFont
Handler:DirectoryHandler
FontType:Invalid
OutlineFileName:C:\Users\Mateo\Documents\GA\week5\Font\allsans\allsans.psd
FileModTime:1474741294
%EndFont

